<?xml version="1.0" encoding="utf-8"?>
<TestRun id="d5d11ed5-8de5-4440-a50f-466e02ccbda6" name="vijay@LAPTOP-ASSFK2J2 2025-10-16 14:16:31" runUser="LAPTOP-ASSFK2J2\vijay" xmlns="http://microsoft.com/schemas/VisualStudio/TeamTest/2010">
  <Times creation="2025-10-16T14:16:31.0866127-05:00" queuing="2025-10-16T14:16:31.0866138-05:00" start="2025-10-16T14:16:22.4515070-05:00" finish="2025-10-16T14:16:39.8022045-05:00" />
  <TestSettings name="default" id="82e6f0b4-3c82-4fb9-9a9a-6efe2475b60e">
    <Deployment runDeploymentRoot="vijay_LAPTOP-ASSFK2J2_2025-10-16_14_16_31" />
  </TestSettings>
  <Results>
    <UnitTestResult executionId="898c8645-27ec-4122-9d48-ab57ddd444be" testId="2793ac33-df56-7b0f-1f6b-0faa58ccfca3" testName="VerifyCart_ContainsAddedItem" computerName="LAPTOP-ASSFK2J2" duration="00:00:01.4586320" startTime="2025-10-16T14:16:36.8430899-05:00" endTime="2025-10-16T14:16:38.3017212-05:00" testType="13cdc9d9-ddb5-4fa4-a97d-d965ccfc6d4b" outcome="Passed" testListId="8c84fa94-04c1-424b-9868-57a2d4851a1d" relativeResultsDirectory="898c8645-27ec-4122-9d48-ab57ddd444be" />
    <UnitTestResult executionId="180f55e0-3ad4-4829-bf6a-c58d50299a24" testId="12372196-8ed9-1d4a-a30c-3ee9d205751b" testName="FailedLogin_WithLockedOutUser" computerName="LAPTOP-ASSFK2J2" duration="00:00:01.1824280" startTime="2025-10-16T14:16:30.9795155-05:00" endTime="2025-10-16T14:16:32.1619423-05:00" testType="13cdc9d9-ddb5-4fa4-a97d-d965ccfc6d4b" outcome="Passed" testListId="8c84fa94-04c1-424b-9868-57a2d4851a1d" relativeResultsDirectory="180f55e0-3ad4-4829-bf6a-c58d50299a24" />
    <UnitTestResult executionId="bed8003d-0bab-4675-8c7b-0323efd1254c" testId="9a840e2d-3f90-e1e5-d9cf-51a89d0a41bc" testName="FailedLogin_WithInvalidCredentials" computerName="LAPTOP-ASSFK2J2" duration="00:00:06.4586280" startTime="2025-10-16T14:16:24.5166864-05:00" endTime="2025-10-16T14:16:30.9751629-05:00" testType="13cdc9d9-ddb5-4fa4-a97d-d965ccfc6d4b" outcome="Passed" testListId="8c84fa94-04c1-424b-9868-57a2d4851a1d" relativeResultsDirectory="bed8003d-0bab-4675-8c7b-0323efd1254c" />
    <UnitTestResult executionId="072423b0-1f78-4789-91f3-0893e55c6ca8" testId="2ced9f65-2566-8cf7-b349-f4ae5654de3c" testName="AddSingleItem_ToCart" computerName="LAPTOP-ASSFK2J2" duration="00:00:01.7720240" startTime="2025-10-16T14:16:35.0707937-05:00" endTime="2025-10-16T14:16:36.8428160-05:00" testType="13cdc9d9-ddb5-4fa4-a97d-d965ccfc6d4b" outcome="Passed" testListId="8c84fa94-04c1-424b-9868-57a2d4851a1d" relativeResultsDirectory="072423b0-1f78-4789-91f3-0893e55c6ca8" />
    <UnitTestResult executionId="7623b0d6-b52a-409b-be76-8ab5f9e2a4f9" testId="ed83413b-02a2-2fd3-fbb0-c7f96634ea0c" testName="SuccessfulLogin_WithValidCredentials" computerName="LAPTOP-ASSFK2J2" duration="00:00:01.2994870" startTime="2025-10-16T14:16:32.1727768-05:00" endTime="2025-10-16T14:16:33.4722647-05:00" testType="13cdc9d9-ddb5-4fa4-a97d-d965ccfc6d4b" outcome="Passed" testListId="8c84fa94-04c1-424b-9868-57a2d4851a1d" relativeResultsDirectory="7623b0d6-b52a-409b-be76-8ab5f9e2a4f9" />
    <UnitTestResult executionId="4adc7bac-afec-4605-ba46-f1b9e047b24d" testId="06153a41-e2a1-57d4-43c0-be075dbda3d4" testName="AddMultipleItems_ToCart" computerName="LAPTOP-ASSFK2J2" duration="00:00:01.5867110" startTime="2025-10-16T14:16:33.4834957-05:00" endTime="2025-10-16T14:16:35.0702064-05:00" testType="13cdc9d9-ddb5-4fa4-a97d-d965ccfc6d4b" outcome="Passed" testListId="8c84fa94-04c1-424b-9868-57a2d4851a1d" relativeResultsDirectory="4adc7bac-afec-4605-ba46-f1b9e047b24d" />
  </Results>
  <TestDefinitions>
    <UnitTest name="AddMultipleItems_ToCart" storage="c:\users\vijay\onedrive\desktop\playwrighttests\bin\debug\net10.0\playwrighttests.dll" id="06153a41-e2a1-57d4-43c0-be075dbda3d4">
      <Execution id="4adc7bac-afec-4605-ba46-f1b9e047b24d" />
      <TestMethod codeBase="C:\Users\vijay\OneDrive\Desktop\PlayWrightTests\bin\Debug\net10.0\PlayWrightTests.dll" adapterTypeName="executor://nunit3testexecutor/" className="PlaywrightTests.Tests.ShoppingCartTests" name="AddMultipleItems_ToCart" />
    </UnitTest>
    <UnitTest name="SuccessfulLogin_WithValidCredentials" storage="c:\users\vijay\onedrive\desktop\playwrighttests\bin\debug\net10.0\playwrighttests.dll" id="ed83413b-02a2-2fd3-fbb0-c7f96634ea0c">
      <Execution id="7623b0d6-b52a-409b-be76-8ab5f9e2a4f9" />
      <TestMethod codeBase="C:\Users\vijay\OneDrive\Desktop\PlayWrightTests\bin\Debug\net10.0\PlayWrightTests.dll" adapterTypeName="executor://nunit3testexecutor/" className="PlaywrightTests.Tests.LoginTests" name="SuccessfulLogin_WithValidCredentials" />
    </UnitTest>
    <UnitTest name="FailedLogin_WithInvalidCredentials" storage="c:\users\vijay\onedrive\desktop\playwrighttests\bin\debug\net10.0\playwrighttests.dll" id="9a840e2d-3f90-e1e5-d9cf-51a89d0a41bc">
      <Execution id="bed8003d-0bab-4675-8c7b-0323efd1254c" />
      <TestMethod codeBase="C:\Users\vijay\OneDrive\Desktop\PlayWrightTests\bin\Debug\net10.0\PlayWrightTests.dll" adapterTypeName="executor://nunit3testexecutor/" className="PlaywrightTests.Tests.LoginTests" name="FailedLogin_WithInvalidCredentials" />
    </UnitTest>
    <UnitTest name="VerifyCart_ContainsAddedItem" storage="c:\users\vijay\onedrive\desktop\playwrighttests\bin\debug\net10.0\playwrighttests.dll" id="2793ac33-df56-7b0f-1f6b-0faa58ccfca3">
      <Execution id="898c8645-27ec-4122-9d48-ab57ddd444be" />
      <TestMethod codeBase="C:\Users\vijay\OneDrive\Desktop\PlayWrightTests\bin\Debug\net10.0\PlayWrightTests.dll" adapterTypeName="executor://nunit3testexecutor/" className="PlaywrightTests.Tests.ShoppingCartTests" name="VerifyCart_ContainsAddedItem" />
    </UnitTest>
    <UnitTest name="FailedLogin_WithLockedOutUser" storage="c:\users\vijay\onedrive\desktop\playwrighttests\bin\debug\net10.0\playwrighttests.dll" id="12372196-8ed9-1d4a-a30c-3ee9d205751b">
      <Execution id="180f55e0-3ad4-4829-bf6a-c58d50299a24" />
      <TestMethod codeBase="C:\Users\vijay\OneDrive\Desktop\PlayWrightTests\bin\Debug\net10.0\PlayWrightTests.dll" adapterTypeName="executor://nunit3testexecutor/" className="PlaywrightTests.Tests.LoginTests" name="FailedLogin_WithLockedOutUser" />
    </UnitTest>
    <UnitTest name="AddSingleItem_ToCart" storage="c:\users\vijay\onedrive\desktop\playwrighttests\bin\debug\net10.0\playwrighttests.dll" id="2ced9f65-2566-8cf7-b349-f4ae5654de3c">
      <Execution id="072423b0-1f78-4789-91f3-0893e55c6ca8" />
      <TestMethod codeBase="C:\Users\vijay\OneDrive\Desktop\PlayWrightTests\bin\Debug\net10.0\PlayWrightTests.dll" adapterTypeName="executor://nunit3testexecutor/" className="PlaywrightTests.Tests.ShoppingCartTests" name="AddSingleItem_ToCart" />
    </UnitTest>
  </TestDefinitions>
  <TestEntries>
    <TestEntry testId="2793ac33-df56-7b0f-1f6b-0faa58ccfca3" executionId="898c8645-27ec-4122-9d48-ab57ddd444be" testListId="8c84fa94-04c1-424b-9868-57a2d4851a1d" />
    <TestEntry testId="12372196-8ed9-1d4a-a30c-3ee9d205751b" executionId="180f55e0-3ad4-4829-bf6a-c58d50299a24" testListId="8c84fa94-04c1-424b-9868-57a2d4851a1d" />
    <TestEntry testId="9a840e2d-3f90-e1e5-d9cf-51a89d0a41bc" executionId="bed8003d-0bab-4675-8c7b-0323efd1254c" testListId="8c84fa94-04c1-424b-9868-57a2d4851a1d" />
    <TestEntry testId="2ced9f65-2566-8cf7-b349-f4ae5654de3c" executionId="072423b0-1f78-4789-91f3-0893e55c6ca8" testListId="8c84fa94-04c1-424b-9868-57a2d4851a1d" />
    <TestEntry testId="ed83413b-02a2-2fd3-fbb0-c7f96634ea0c" executionId="7623b0d6-b52a-409b-be76-8ab5f9e2a4f9" testListId="8c84fa94-04c1-424b-9868-57a2d4851a1d" />
    <TestEntry testId="06153a41-e2a1-57d4-43c0-be075dbda3d4" executionId="4adc7bac-afec-4605-ba46-f1b9e047b24d" testListId="8c84fa94-04c1-424b-9868-57a2d4851a1d" />
  </TestEntries>
  <TestLists>
    <TestList name="Results Not in a List" id="8c84fa94-04c1-424b-9868-57a2d4851a1d" />
    <TestList name="All Loaded Results" id="19431567-8539-422a-85d7-44ee4e166bda" />
  </TestLists>
  <ResultSummary outcome="Completed">
    <Counters total="6" executed="6" passed="6" failed="0" error="0" timeout="0" aborted="0" inconclusive="0" passedButRunAborted="0" notRunnable="0" notExecuted="0" disconnected="0" warning="0" completed="0" inProgress="0" pending="0" />
    <Output>
      <StdOut>NUnit Adapter 5.2.0.0: Test execution started&#xD;
Running all tests in C:\Users\vijay\OneDrive\Desktop\PlayWrightTests\bin\Debug\net10.0\PlayWrightTests.dll&#xD;
   NUnit3TestExecutor discovered 6 of 6 NUnit test cases using Current Discovery mode, Non-Explicit run&#xD;
NUnit Adapter 5.2.0.0: Test execution complete&#xD;
</StdOut>
    </Output>
  </ResultSummary>
</TestRun>